

> @cronkwaters/db@0.1.0 build /Users/justincronk/Desktop/SongForge Stand-Alone/song-forge/packages/db
> pnpm prisma:generate && tsc -b


> @cronkwaters/db@0.1.0 prisma:generate /Users/justincronk/Desktop/SongForge Stand-Alone/song-forge/packages/db
> prisma generate

[2mEnvironment variables loaded from .env[22m
[2mPrisma schema loaded from prisma/schema.prisma[22m

✔ Generated [1mPrisma Client[22m (v5.22.0)[2m to ./../../node_modules/.pnpm/@prisma+client@5.22.0_prisma@5.22.0/node_modules/@prisma/client[22m in 1.53s

Start by importing your Prisma Client (See: https://pris.ly/d/importing-client)

Tip: Interested in query caching in just a few lines of code? Try Accelerate today! https://pris.ly/tip-3-accelerate

[90m[90m┌─[39m[90m[90m────────────────────────────────────────────────────────┐[39m[90m
[90m│[39m[90m  [0m[34mUpdate available[39m[90m 5.22.0 -> 6.19.0[0m                      [90m│[39m[90m
[90m│[39m[90m  [0m[0m                                                       [90m│[39m[90m
[90m│[39m[90m  [0mThis is a major update - please follow the guide at[0m    [90m│[39m[90m
[90m│[39m[90m  [0mhttps://pris.ly/d/major-version-upgrade[0m                [90m│[39m[90m
[90m│[39m[90m  [0m[0m                                                       [90m│[39m[90m
[90m│[39m[90m  [0mRun the following to update[0m                            [90m│[39m[90m
[90m│[39m[90m  [0m  [1mnpm i --save-dev prisma@latest[22m[0m                       [90m│[39m[90m
[90m│[39m[90m  [0m  [1mnpm i @prisma/client@latest[22m[0m                          [90m│[39m[90m
└─────────────────────────────────────────────────────────┘[39m
