
> web@0.1.0 typecheck /Users/justincronk/Desktop/SongForge Stand-Alone/song-forge/apps/web
> tsc --noEmit

app/(app)/music/MusicPageClient.tsx(21,28): error TS2307: Cannot find module '@/components/app/PageHeader' or its corresponding type declarations.
app/(app)/music/MusicPageClient.tsx(22,28): error TS2307: Cannot find module '@/components/app/EmptyState' or its corresponding type declarations.
app/(app)/music/page.tsx(4,36): error TS2307: Cannot find module '@/lib/actions/projects' or its corresponding type declarations.
app/(app)/settings/artist-profile/ArtistProfileForm.tsx(11,3): error TS2300: Duplicate identifier 'Award'.
app/(app)/settings/artist-profile/ArtistProfileForm.tsx(25,40): error TS2307: Cannot find module '@/lib/actions/artistProfile' or its corresponding type declarations.
app/(app)/settings/artist-profile/ArtistProfileForm.tsx(26,20): error TS2305: Module '"@prisma/client"' has no exported member 'BandMember'.
app/(app)/settings/artist-profile/ArtistProfileForm.tsx(26,32): error TS2300: Duplicate identifier 'Award'.
app/(app)/settings/artist-profile/ArtistProfileForm.tsx(26,32): error TS2305: Module '"@prisma/client"' has no exported member 'Award'.
app/(app)/settings/artist-profile/ArtistProfileForm.tsx(31,13): error TS2749: 'Award' refers to a value, but is being used as a type here. Did you mean 'typeof Award'?
app/(app)/settings/artist-profile/ArtistProfileForm.tsx(37,11): error TS2339: Property 'toast' does not exist on type 'ToastContextValue'.
app/(app)/settings/artist-profile/ArtistProfileForm.tsx(41,14): error TS2339: Property 'bio' does not exist on type '{ id: string; slug: string; name: string; type: OrgType; brandColor: string | null; description: string | null; website: string | null; createdAt: Date; updatedAt: Date; } & { ...; }'.
app/(app)/settings/artist-profile/ArtistProfileForm.tsx(42,19): error TS2339: Property 'location' does not exist on type '{ id: string; slug: string; name: string; type: OrgType; brandColor: string | null; description: string | null; website: string | null; createdAt: Date; updatedAt: Date; } & { ...; }'.
app/(app)/settings/artist-profile/ArtistProfileForm.tsx(43,16): error TS2339: Property 'genre' does not exist on type '{ id: string; slug: string; name: string; type: OrgType; brandColor: string | null; description: string | null; website: string | null; createdAt: Date; updatedAt: Date; } & { ...; }'.
app/(app)/settings/artist-profile/ArtistProfileForm.tsx(44,21): error TS2339: Property 'influences' does not exist on type '{ id: string; slug: string; name: string; type: OrgType; brandColor: string | null; description: string | null; website: string | null; createdAt: Date; updatedAt: Date; } & { ...; }'.
app/(app)/settings/artist-profile/ArtistProfileForm.tsx(45,18): error TS2339: Property 'founded' does not exist on type '{ id: string; slug: string; name: string; type: OrgType; brandColor: string | null; description: string | null; website: string | null; createdAt: Date; updatedAt: Date; } & { ...; }'.
app/(app)/settings/artist-profile/ArtistProfileForm.tsx(46,23): error TS2339: Property 'contactEmail' does not exist on type '{ id: string; slug: string; name: string; type: OrgType; brandColor: string | null; description: string | null; website: string | null; createdAt: Date; updatedAt: Date; } & { ...; }'.
app/(app)/settings/artist-profile/ArtistProfileForm.tsx(47,23): error TS2339: Property 'bookingEmail' does not exist on type '{ id: string; slug: string; name: string; type: OrgType; brandColor: string | null; description: string | null; website: string | null; createdAt: Date; updatedAt: Date; } & { ...; }'.
app/(app)/settings/artist-profile/ArtistProfileForm.tsx(49,23): error TS2339: Property 'socialLinks' does not exist on type '{ id: string; slug: string; name: string; type: OrgType; brandColor: string | null; description: string | null; website: string | null; createdAt: Date; updatedAt: Date; } & { ...; }'.
app/(app)/settings/artist-profile/ArtistProfileForm.tsx(50,26): error TS2339: Property 'spotifyArtistId' does not exist on type '{ id: string; slug: string; name: string; type: OrgType; brandColor: string | null; description: string | null; website: string | null; createdAt: Date; updatedAt: Date; } & { ...; }'.
app/(app)/settings/artist-profile/ArtistProfileForm.tsx(51,23): error TS2339: Property 'appleMusicId' does not exist on type '{ id: string; slug: string; name: string; type: OrgType; brandColor: string | null; description: string | null; website: string | null; createdAt: Date; updatedAt: Date; } & { ...; }'.
app/(app)/settings/artist-profile/ArtistProfileForm.tsx(107,32): error TS7006: Parameter 'g' implicitly has an 'any' type.
app/(app)/settings/artist-profile/ArtistProfileForm.tsx(124,42): error TS7006: Parameter 'i' implicitly has an 'any' type.
app/(app)/settings/artist-profile/ArtistProfileForm.tsx(211,36): error TS7006: Parameter 'genre' implicitly has an 'any' type.
app/(app)/settings/artist-profile/ArtistProfileForm.tsx(240,41): error TS7006: Parameter 'influence' implicitly has an 'any' type.
app/(app)/settings/artist-profile/page.tsx(15,15): error TS2339: Property 'role' does not exist on type 'OrgSession'.
app/(app)/settings/artist-profile/page.tsx(15,43): error TS2339: Property 'role' does not exist on type 'OrgSession'.
app/(app)/settings/artist-profile/page.tsx(22,7): error TS2353: Object literal may only specify known properties, and 'bandMembers' does not exist in type 'OrgInclude<DefaultArgs>'.
app/(app)/settings/artist-profile/page.tsx(44,26): error TS2322: Type '{ id: string; slug: string; name: string; type: OrgType; brandColor: string | null; description: string | null; website: string | null; createdAt: Date; updatedAt: Date; }' is not assignable to type '{ id: string; slug: string; name: string; type: OrgType; brandColor: string | null; description: string | null; website: string | null; createdAt: Date; updatedAt: Date; } & { ...; }'.
  Type '{ id: string; slug: string; name: string; type: OrgType; brandColor: string | null; description: string | null; website: string | null; createdAt: Date; updatedAt: Date; }' is missing the following properties from type '{ bandMembers: BandMember[]; awards: Award[]; }': bandMembers, awards
app/(app)/tours/[slug]/page.tsx(20,29): error TS2339: Property 'tour' does not exist on type 'PrismaClient<PrismaClientOptions, never, DefaultArgs>'.
app/(app)/tours/[slug]/TourDetailClient.tsx(5,24): error TS2307: Cannot find module 'date-fns' or its corresponding type declarations.
app/(app)/tours/[slug]/TourDetailClient.tsx(21,28): error TS2307: Cannot find module '@/components/app/PageHeader' or its corresponding type declarations.
app/(app)/tours/[slug]/TourDetailClient.tsx(22,28): error TS2307: Cannot find module '@/components/app/EmptyState' or its corresponding type declarations.
app/(app)/tours/[slug]/TourDetailClient.tsx(23,15): error TS2305: Module '"@prisma/client"' has no exported member 'Tour'.
app/(app)/tours/[slug]/TourDetailClient.tsx(23,21): error TS2305: Module '"@prisma/client"' has no exported member 'Show'.
app/(app)/tours/[slug]/TourDetailClient.tsx(23,27): error TS2305: Module '"@prisma/client"' has no exported member 'Venue'.
app/(app)/tours/[slug]/TourDetailClient.tsx(43,5): error TS7006: Parameter 'show' implicitly has an 'any' type.
app/(app)/tours/[slug]/TourDetailClient.tsx(46,5): error TS7006: Parameter 'show' implicitly has an 'any' type.
app/(app)/tours/[slug]/TourDetailClient.tsx(122,41): error TS7006: Parameter 's' implicitly has an 'any' type.
app/(app)/tours/[slug]/TourDetailClient.tsx(130,29): error TS7053: Element implicitly has an 'any' type because expression of type 'any' can't be used to index type '{ readonly planning: "warning"; readonly announced: "info"; readonly ongoing: "success"; readonly completed: "subtle"; readonly cancelled: "danger"; }'.
app/(app)/tours/[slug]/TourDetailClient.tsx(187,37): error TS7006: Parameter 'show' implicitly has an 'any' type.
app/(app)/tours/[slug]/TourDetailClient.tsx(201,33): error TS7006: Parameter 'show' implicitly has an 'any' type.
app/(app)/tours/[slug]/TourDetailClient.tsx(275,29): error TS7053: Element implicitly has an 'any' type because expression of type 'any' can't be used to index type '{ readonly scheduled: "info"; readonly soldout: "success"; readonly cancelled: "danger"; readonly postponed: "warning"; readonly completed: "subtle"; }'.
app/(app)/tours/NewTourDialog.tsx(19,34): error TS2307: Cannot find module '@/lib/actions/tours' or its corresponding type declarations.
app/(app)/tours/NewTourDialog.tsx(20,10): error TS2305: Module '"@songforge/db"' has no exported member 'generateSlug'.
app/(app)/tours/NewTourDialog.tsx(21,15): error TS2305: Module '"@prisma/client"' has no exported member 'Tour'.
app/(app)/tours/NewTourDialog.tsx(35,11): error TS2339: Property 'toast' does not exist on type 'ToastContextValue'.
app/(app)/tours/page.tsx(3,33): error TS2307: Cannot find module '@/lib/actions/tours' or its corresponding type declarations.
app/(app)/tours/TourCard.tsx(4,24): error TS2307: Cannot find module 'date-fns' or its corresponding type declarations.
app/(app)/tours/TourCard.tsx(8,15): error TS2305: Module '"@prisma/client"' has no exported member 'Tour'.
app/(app)/tours/TourCard.tsx(50,29): error TS7053: Element implicitly has an 'any' type because expression of type 'any' can't be used to index type '{ readonly planning: "warning"; readonly announced: "info"; readonly ongoing: "success"; readonly completed: "subtle"; readonly cancelled: "danger"; }'.
app/(app)/tours/ToursPageClient.tsx(6,28): error TS2307: Cannot find module '@/components/app/PageHeader' or its corresponding type declarations.
app/(app)/tours/ToursPageClient.tsx(7,28): error TS2307: Cannot find module '@/components/app/EmptyState' or its corresponding type declarations.
app/(app)/tours/ToursPageClient.tsx(10,15): error TS2305: Module '"@prisma/client"' has no exported member 'Tour'.
app/(marketing)/artist/[slug]/ArtistPageClient.tsx(5,24): error TS2307: Cannot find module 'date-fns' or its corresponding type declarations.
app/(marketing)/artist/[slug]/ArtistPageClient.tsx(26,29): error TS2305: Module '"@prisma/client"' has no exported member 'Tour'.
app/(marketing)/artist/[slug]/ArtistPageClient.tsx(26,35): error TS2305: Module '"@prisma/client"' has no exported member 'Show'.
app/(marketing)/artist/[slug]/ArtistPageClient.tsx(26,41): error TS2305: Module '"@prisma/client"' has no exported member 'Venue'.
app/(marketing)/artist/[slug]/page.tsx(34,7): error TS2353: Object literal may only specify known properties, and 'tours' does not exist in type 'OrgInclude<DefaultArgs>'.
app/(marketing)/artist/[slug]/page.tsx(88,28): error TS2322: Type '{ id: string; slug: string; name: string; type: OrgType; brandColor: string | null; description: string | null; website: string | null; createdAt: Date; updatedAt: Date; }' is not assignable to type '{ id: string; slug: string; name: string; type: OrgType; brandColor: string | null; description: string | null; website: string | null; createdAt: Date; updatedAt: Date; } & { ...; }'.
  Type '{ id: string; slug: string; name: string; type: OrgType; brandColor: string | null; description: string | null; website: string | null; createdAt: Date; updatedAt: Date; }' is missing the following properties from type '{ projects: ({ id: string; slug: string; name: string; description: string | null; createdAt: Date; updatedAt: Date; orgId: string; status: ProjectStatus; visibility: ProjectVisibility; tagline: string | null; coverImage: string | null; } & { ...; })[]; tours: any[]; }': projects, tours
app/(marketing)/page.tsx(5,36): error TS2307: Cannot find module '@/components/animations/AnimatedBackground' or its corresponding type declarations.
app/(marketing)/page.tsx(6,35): error TS2307: Cannot find module '@/components/animations/WaveformAnimation' or its corresponding type declarations.
app/(marketing)/page.tsx(7,28): error TS2307: Cannot find module '@/components/animations/MusicNotes' or its corresponding type declarations.
lib/actions/artistProfile.ts(4,18): error TS2305: Module '"@songforge/db"' has no exported member 'generateSlug'.
lib/actions/artistProfile.ts(49,11): error TS2339: Property 'orgId' does not exist on type 'OrgAwareSession'.
lib/actions/artistProfile.ts(49,18): error TS2339: Property 'role' does not exist on type 'OrgAwareSession'.
lib/actions/artistProfile.ts(87,11): error TS2339: Property 'orgId' does not exist on type 'OrgAwareSession'.
lib/actions/artistProfile.ts(87,18): error TS2339: Property 'role' does not exist on type 'OrgAwareSession'.
lib/actions/artistProfile.ts(102,37): error TS2339: Property 'bandMember' does not exist on type 'PrismaClient<PrismaClientOptions, never, DefaultArgs>'.
lib/actions/artistProfile.ts(108,35): error TS2339: Property 'bandMember' does not exist on type 'PrismaClient<PrismaClientOptions, never, DefaultArgs>'.
lib/actions/artistProfile.ts(122,11): error TS2339: Property 'orgId' does not exist on type 'OrgAwareSession'.
lib/actions/artistProfile.ts(122,18): error TS2339: Property 'role' does not exist on type 'OrgAwareSession'.
lib/actions/artistProfile.ts(129,31): error TS2339: Property 'bandMember' does not exist on type 'PrismaClient<PrismaClientOptions, never, DefaultArgs>'.
lib/actions/artistProfile.ts(146,38): error TS2339: Property 'bandMember' does not exist on type 'PrismaClient<PrismaClientOptions, never, DefaultArgs>'.
lib/actions/artistProfile.ts(157,11): error TS2339: Property 'orgId' does not exist on type 'OrgAwareSession'.
lib/actions/artistProfile.ts(157,18): error TS2339: Property 'role' does not exist on type 'OrgAwareSession'.
lib/actions/artistProfile.ts(163,31): error TS2339: Property 'bandMember' does not exist on type 'PrismaClient<PrismaClientOptions, never, DefaultArgs>'.
lib/actions/artistProfile.ts(172,16): error TS2339: Property 'bandMember' does not exist on type 'PrismaClient<PrismaClientOptions, never, DefaultArgs>'.
lib/actions/artistProfile.ts(181,11): error TS2339: Property 'orgId' does not exist on type 'OrgAwareSession'.
lib/actions/artistProfile.ts(181,18): error TS2339: Property 'role' does not exist on type 'OrgAwareSession'.
lib/actions/artistProfile.ts(195,30): error TS2339: Property 'award' does not exist on type 'PrismaClient<PrismaClientOptions, never, DefaultArgs>'.
lib/actions/artistProfile.ts(208,11): error TS2339: Property 'orgId' does not exist on type 'OrgAwareSession'.
lib/actions/artistProfile.ts(208,18): error TS2339: Property 'role' does not exist on type 'OrgAwareSession'.
lib/actions/artistProfile.ts(214,30): error TS2339: Property 'award' does not exist on type 'PrismaClient<PrismaClientOptions, never, DefaultArgs>'.
lib/actions/artistProfile.ts(223,16): error TS2339: Property 'award' does not exist on type 'PrismaClient<PrismaClientOptions, never, DefaultArgs>'.
lib/actions/artistProfile.ts(232,11): error TS2339: Property 'orgId' does not exist on type 'OrgAwareSession'.
lib/actions/artistProfile.ts(232,18): error TS2339: Property 'role' does not exist on type 'OrgAwareSession'.
lib/actions/artistProfile.ts(248,37): error TS2339: Property 'pressRelease' does not exist on type 'PrismaClient<PrismaClientOptions, never, DefaultArgs>'.
lib/actions/artistProfile.ts(263,11): error TS2339: Property 'orgId' does not exist on type 'OrgAwareSession'.
lib/actions/artistProfile.ts(263,18): error TS2339: Property 'role' does not exist on type 'OrgAwareSession'.
lib/actions/artistProfile.ts(269,32): error TS2339: Property 'pressRelease' does not exist on type 'PrismaClient<PrismaClientOptions, never, DefaultArgs>'.
lib/actions/artistProfile.ts(286,39): error TS2339: Property 'pressRelease' does not exist on type 'PrismaClient<PrismaClientOptions, never, DefaultArgs>'.
lib/actions/artistProfile.ts(298,11): error TS2339: Property 'orgId' does not exist on type 'OrgAwareSession'.
lib/actions/artistProfile.ts(298,18): error TS2339: Property 'role' does not exist on type 'OrgAwareSession'.
lib/actions/artistProfile.ts(304,32): error TS2339: Property 'pressRelease' does not exist on type 'PrismaClient<PrismaClientOptions, never, DefaultArgs>'.
lib/actions/artistProfile.ts(313,16): error TS2339: Property 'pressRelease' does not exist on type 'PrismaClient<PrismaClientOptions, never, DefaultArgs>'.
lib/actions/tours.ts(4,18): error TS2305: Module '"@songforge/db"' has no exported member 'validateSlug'.
lib/actions/tours.ts(57,11): error TS2339: Property 'orgId' does not exist on type 'OrgAwareSession'.
lib/actions/tours.ts(57,18): error TS2339: Property 'role' does not exist on type 'OrgAwareSession'.
lib/actions/tours.ts(77,29): error TS2339: Property 'tour' does not exist on type 'PrismaClient<PrismaClientOptions, never, DefaultArgs>'.
lib/actions/tours.ts(91,11): error TS2339: Property 'orgId' does not exist on type 'OrgAwareSession'.
lib/actions/tours.ts(91,18): error TS2339: Property 'role' does not exist on type 'OrgAwareSession'.
lib/actions/tours.ts(97,29): error TS2339: Property 'tour' does not exist on type 'PrismaClient<PrismaClientOptions, never, DefaultArgs>'.
lib/actions/tours.ts(115,36): error TS2339: Property 'tour' does not exist on type 'PrismaClient<PrismaClientOptions, never, DefaultArgs>'.
lib/actions/tours.ts(127,11): error TS2339: Property 'orgId' does not exist on type 'OrgAwareSession'.
lib/actions/tours.ts(127,18): error TS2339: Property 'role' does not exist on type 'OrgAwareSession'.
lib/actions/tours.ts(133,29): error TS2339: Property 'tour' does not exist on type 'PrismaClient<PrismaClientOptions, never, DefaultArgs>'.
lib/actions/tours.ts(142,16): error TS2339: Property 'tour' does not exist on type 'PrismaClient<PrismaClientOptions, never, DefaultArgs>'.
lib/actions/tours.ts(151,11): error TS2339: Property 'orgId' does not exist on type 'OrgAwareSession'.
lib/actions/tours.ts(151,18): error TS2339: Property 'role' does not exist on type 'OrgAwareSession'.
lib/actions/tours.ts(179,31): error TS2339: Property 'tour' does not exist on type 'PrismaClient<PrismaClientOptions, never, DefaultArgs>'.
lib/actions/tours.ts(189,29): error TS2339: Property 'show' does not exist on type 'PrismaClient<PrismaClientOptions, never, DefaultArgs>'.
lib/actions/tours.ts(206,11): error TS2339: Property 'orgId' does not exist on type 'OrgAwareSession'.
lib/actions/tours.ts(206,18): error TS2339: Property 'role' does not exist on type 'OrgAwareSession'.
lib/actions/tours.ts(212,29): error TS2339: Property 'show' does not exist on type 'PrismaClient<PrismaClientOptions, never, DefaultArgs>'.
lib/actions/tours.ts(235,36): error TS2339: Property 'show' does not exist on type 'PrismaClient<PrismaClientOptions, never, DefaultArgs>'.
lib/actions/tours.ts(250,11): error TS2339: Property 'orgId' does not exist on type 'OrgAwareSession'.
lib/actions/tours.ts(250,18): error TS2339: Property 'role' does not exist on type 'OrgAwareSession'.
lib/actions/tours.ts(256,29): error TS2339: Property 'show' does not exist on type 'PrismaClient<PrismaClientOptions, never, DefaultArgs>'.
lib/actions/tours.ts(265,16): error TS2339: Property 'show' does not exist on type 'PrismaClient<PrismaClientOptions, never, DefaultArgs>'.
lib/actions/tours.ts(277,11): error TS2339: Property 'role' does not exist on type 'OrgAwareSession'.
lib/actions/tours.ts(306,30): error TS2339: Property 'venue' does not exist on type 'PrismaClient<PrismaClientOptions, never, DefaultArgs>'.
lib/actions/tours.ts(317,11): error TS2339: Property 'orgId' does not exist on type 'OrgAwareSession'.
lib/actions/tours.ts(323,30): error TS2339: Property 'tour' does not exist on type 'PrismaClient<PrismaClientOptions, never, DefaultArgs>'.
lib/actions/tours.ts(337,11): error TS2339: Property 'orgId' does not exist on type 'OrgAwareSession'.
lib/actions/tours.ts(343,30): error TS2339: Property 'show' does not exist on type 'PrismaClient<PrismaClientOptions, never, DefaultArgs>'.
lib/actions/tours.ts(358,11): error TS2339: Property 'orgId' does not exist on type 'OrgAwareSession'.
lib/actions/tours.ts(360,30): error TS2339: Property 'show' does not exist on type 'PrismaClient<PrismaClientOptions, never, DefaultArgs>'.
lib/actions/tours.ts(380,31): error TS2339: Property 'venue' does not exist on type 'PrismaClient<PrismaClientOptions, never, DefaultArgs>'.
lib/actions/tours.ts(409,33): error TS2339: Property 'fanEngagement' does not exist on type 'PrismaClient<PrismaClientOptions, never, DefaultArgs>'.
lib/actions/tours.ts(421,25): error TS2339: Property 'fanEngagement' does not exist on type 'PrismaClient<PrismaClientOptions, never, DefaultArgs>'.
lib/actions/tours.ts(428,23): error TS2339: Property 'fanEngagement' does not exist on type 'PrismaClient<PrismaClientOptions, never, DefaultArgs>'.
 ELIFECYCLE  Command failed with exit code 2.
