

> @cronkwaters/web@0.1.0 build /Users/justincronk/Desktop/SongForge Stand-Alone/song-forge/apps/web
> next build

   [1m[38;2;173;127;168m▲ Next.js 15.5.6[39m[22m
   - Experiments (use with caution):
     [1m⨯[22m serverMinification

 [37m[1m [22m[39m Creating an optimized production build ...
[31mFailed to compile.
[39m
app/(app)/analytics/page.tsx
You cannot have two parallel pages that resolve to the same path. Please check /(app)/analytics/page and /(marketing)/analytics/page. Refer to the route group docs for more information: https://nextjs.org/docs/app/building-your-application/routing/route-groups

app/(app)/assets/page.tsx
You cannot have two parallel pages that resolve to the same path. Please check /(app)/assets/page and /(marketing)/assets/page. Refer to the route group docs for more information: https://nextjs.org/docs/app/building-your-application/routing/route-groups

app/(app)/projects/page.tsx
You cannot have two parallel pages that resolve to the same path. Please check /(app)/projects/page and /(marketing)/projects/page. Refer to the route group docs for more information: https://nextjs.org/docs/app/building-your-application/routing/route-groups

app/(app)/sessions/page.tsx
You cannot have two parallel pages that resolve to the same path. Please check /(app)/sessions/page and /(marketing)/sessions/page. Refer to the route group docs for more information: https://nextjs.org/docs/app/building-your-application/routing/route-groups

app/(app)/splits/page.tsx
You cannot have two parallel pages that resolve to the same path. Please check /(app)/splits/page and /(marketing)/splits/page. Refer to the route group docs for more information: https://nextjs.org/docs/app/building-your-application/routing/route-groups


> Build failed because of webpack errors
[41m[30m ELIFECYCLE [39m[49m [31mCommand failed with exit code 1.[39m
